<html>
<body>
<pre>
<h1>µVision Build Log</h1>
<h2>Tool Versions:</h2>
IDE-Version: µVision V5.24.2.0
Copyright (C) 2017 ARM Ltd and ARM Germany GmbH. All rights reserved.
License Information: Jacob Clark, LTU, LIC=----
 
Tool Versions:
Toolchain:       MDK-Lite  Version: 5.24.1
Toolchain Path:  C:\Keil_v5\ARM\ARMCC\Bin
C Compiler:      Armcc.exe V5.06 update 5 (build 528)
Assembler:       Armasm.exe V5.06 update 5 (build 528)
Linker/Locator:  ArmLink.exe V5.06 update 5 (build 528)
Library Manager: ArmAr.exe V5.06 update 5 (build 528)
Hex Converter:   FromElf.exe V5.06 update 5 (build 528)
CPU DLL:         SARMCM3.DLL V5.24.1
Dialog DLL:      DCM.DLL V1.16.0.0
Target DLL:      lmidk-agdi.dll V???
Dialog DLL:      TCM.DLL V1.32.0.0
 
<h2>Project:</h2>
C:\Users\jclark2\Documents\GitHub\ES_Project\project.uvprojx
Project File Date:  09/20/2017

<h2>Output:</h2>
*** Using Compiler 'V5.06 update 5 (build 528)', folder: 'C:\Keil_v5\ARM\ARMCC\Bin'
Rebuild target 'project'
creating preprocessor file for project.c...
assembling startup_rvmdk.S...
creating preprocessor file for Systic.c...
creating preprocessor file for Uart_helper.c...
compiling Uart_helper.c...
src\Uart_helper.h(12): warning:  #1-D: last line of file ends without a newline
  void UartSetup2(void);	//sets up Uart for my configuration registers
src\Uart_helper.c(71): warning:  #1-D: last line of file ends without a newline
  }
src\Uart_helper.c: 2 warnings, 0 errors
compiling project.c...
driverlib/hibernate.h(229): warning:  #231-D: declaration is not visible outside of function
  extern void HibernateCalendarSet(struct tm *psTime);
driverlib/hibernate.h(230): warning:  #231-D: declaration is not visible outside of function
  extern int HibernateCalendarGet(struct tm *psTime);
driverlib/hibernate.h(231): warning:  #231-D: declaration is not visible outside of function
  extern void HibernateCalendarMatchSet(uint32_t ui32Index, struct tm *psTime);
driverlib/hibernate.h(232): warning:  #231-D: declaration is not visible outside of function
  extern void HibernateCalendarMatchGet(uint32_t ui32Index, struct tm *psTime);
src/Uart_helper.h(12): warning:  #1-D: last line of file ends without a newline
  void UartSetup2(void);	//sets up Uart for my configuration registers
project.c(26): warning:  #223-D: function "delayMS" declared implicitly
  		 delayMS(1000);
project.c(38): warning:  #223-D: function "ClockSetup" declared implicitly
  	ClockSetup();
project.c(39): warning:  #223-D: function "GPIO_Setup" declared implicitly
  	GPIO_Setup();
project.c: 8 warnings, 0 errors
compiling Systic.c...
driverlib/hibernate.h(229): warning:  #231-D: declaration is not visible outside of function
  extern void HibernateCalendarSet(struct tm *psTime);
driverlib/hibernate.h(230): warning:  #231-D: declaration is not visible outside of function
  extern int HibernateCalendarGet(struct tm *psTime);
driverlib/hibernate.h(231): warning:  #231-D: declaration is not visible outside of function
  extern void HibernateCalendarMatchSet(uint32_t ui32Index, struct tm *psTime);
driverlib/hibernate.h(232): warning:  #231-D: declaration is not visible outside of function
  extern void HibernateCalendarMatchGet(uint32_t ui32Index, struct tm *psTime);
src/Uart_helper.h(12): warning:  #1-D: last line of file ends without a newline
  void UartSetup2(void);	//sets up Uart for my configuration registers
.\src\Uart_helper.h(12): warning:  #1-D: last line of file ends without a newline
  void UartSetup2(void);	//sets up Uart for my configuration registers
Systic.h(129): warning:  #1-D: last line of file ends without a newline
  #endif // __DRIVERLIB_SYSTICK_H__
Systic.c(40): warning:  #1-D: last line of file ends without a newline
  }
Systic.c: 8 warnings, 0 errors
creating preprocessor file for GPIO_init.c...
creating preprocessor file for PWM.c...
compiling GPIO_init.c...
driverlib/hibernate.h(229): warning:  #231-D: declaration is not visible outside of function
  extern void HibernateCalendarSet(struct tm *psTime);
driverlib/hibernate.h(230): warning:  #231-D: declaration is not visible outside of function
  extern int HibernateCalendarGet(struct tm *psTime);
driverlib/hibernate.h(231): warning:  #231-D: declaration is not visible outside of function
  extern void HibernateCalendarMatchSet(uint32_t ui32Index, struct tm *psTime);
driverlib/hibernate.h(232): warning:  #231-D: declaration is not visible outside of function
  extern void HibernateCalendarMatchGet(uint32_t ui32Index, struct tm *psTime);
src/Uart_helper.h(12): warning:  #1-D: last line of file ends without a newline
  void UartSetup2(void);	//sets up Uart for my configuration registers
GPIO_init.c: 5 warnings, 0 errors
compiling PWM.c...
driverlib/hibernate.h(229): warning:  #231-D: declaration is not visible outside of function
  extern void HibernateCalendarSet(struct tm *psTime);
driverlib/hibernate.h(230): warning:  #231-D: declaration is not visible outside of function
  extern int HibernateCalendarGet(struct tm *psTime);
driverlib/hibernate.h(231): warning:  #231-D: declaration is not visible outside of function
  extern void HibernateCalendarMatchSet(uint32_t ui32Index, struct tm *psTime);
driverlib/hibernate.h(232): warning:  #231-D: declaration is not visible outside of function
  extern void HibernateCalendarMatchGet(uint32_t ui32Index, struct tm *psTime);
src/Uart_helper.h(12): warning:  #1-D: last line of file ends without a newline
  void UartSetup2(void);	//sets up Uart for my configuration registers
.\src\Uart_helper.h(12): warning:  #1-D: last line of file ends without a newline
  void UartSetup2(void);	//sets up Uart for my configuration registers
systic.h(129): warning:  #1-D: last line of file ends without a newline
  #endif // __DRIVERLIB_SYSTICK_H__
PWM.c(52): warning:  #223-D: function "delayMS" declared implicitly
          delayMS(20);
PWM.c: 8 warnings, 0 errors
linking...
Program Size: Code=2240 RO-data=612 RW-data=0 ZI-data=256  
FromELF: creating hex file...
After Build - User command #1: fromelf --bin --output .\rvmdk\project.bin .\rvmdk\project.axf
".\rvmdk\project.axf" - 0 Error(s), 31 Warning(s).

<h2>Software Packages used:</h2>

Package Vendor: ARM
                http://www.keil.com/pack/ARM.CMSIS.5.0.1.pack
                ARM.CMSIS.5.0.1
                CMSIS (Cortex Microcontroller Software Interface Standard)
   * Component: CORE Version: 5.0.1

Package Vendor: Keil
                http://www.keil.com/pack/Keil.TM4C_DFP.1.1.0.pack
                Keil.TM4C_DFP.1.1.0
                Texas Instruments Tiva C Series Device Support and Examples

<h2>Collection of Component include folders:</h2>
  .\RTE\_project
  C:\Keil_v5\ARM\PACK\ARM\CMSIS\5.0.1\CMSIS\Include
  C:\Keil_v5\ARM\PACK\Keil\TM4C_DFP\1.1.0\Device\Include\TM4C123

<h2>Collection of Component Files used:</h2>

   * Component: ARM::CMSIS:CORE:5.0.1
Build Time Elapsed:  00:00:06
</pre>
</body>
</html>
