<!doctype html public "-//w3c//dtd html 4.0 transitional//en">
<html><head>
<title>Static Call Graph - [.\rvmdk\project.axf]</title></head>
<body><HR>
<H1>Static Call Graph for image .\rvmdk\project.axf</H1><HR>
<BR><P>#&#060CALLGRAPH&#062# ARM Linker, 5060528: Last Updated: Thu Sep 21 12:11:49 2017
<BR><P>
<H3>Maximum Stack Usage =         60 bytes + Unknown(Functions without stacksize, Cycles, Untraceable Function Pointers)</H3><H3>
Call chain for Maximum Stack Depth:</H3>
main &rArr; SetupHardware &rArr; UartSetup &rArr; GPIOPinTypeUART &rArr; GPIOPadConfigSet
<P>
<H3>
Functions with no stack information
</H3><UL>
 <LI><a href="#[6]">Reset_Handler</a>
 <LI><a href="#[1]">NmiSR</a>
 <LI><a href="#[2]">FaultISR</a>
 <LI><a href="#[3]">IntDefaultHandler</a>
</UL>
</UL>
<P>
<H3>
Mutually Recursive functions
</H3> <LI><a href="#[1d]">UARTConfigSetExpClk</a>&nbsp;&nbsp;&nbsp;&rArr;&nbsp;&nbsp;&nbsp;<a href="#[1d]">UARTConfigSetExpClk</a><BR>
 <LI><a href="#[a]">SysCtlDelay</a>&nbsp;&nbsp;&nbsp;&rArr;&nbsp;&nbsp;&nbsp;<a href="#[a]">SysCtlDelay</a><BR>
 <LI><a href="#[1]">NmiSR</a>&nbsp;&nbsp;&nbsp;&rArr;&nbsp;&nbsp;&nbsp;<a href="#[1]">NmiSR</a><BR>
 <LI><a href="#[2]">FaultISR</a>&nbsp;&nbsp;&nbsp;&rArr;&nbsp;&nbsp;&nbsp;<a href="#[2]">FaultISR</a><BR>
 <LI><a href="#[3]">IntDefaultHandler</a>&nbsp;&nbsp;&nbsp;&rArr;&nbsp;&nbsp;&nbsp;<a href="#[3]">IntDefaultHandler</a><BR>
</UL>
<P>
<H3>
Function Pointers
</H3><UL>
 <LI><a href="#[2]">FaultISR</a> from startup_rvmdk.o(RESET) referenced from startup_rvmdk.o(RESET)
 <LI><a href="#[3]">IntDefaultHandler</a> from startup_rvmdk.o(RESET) referenced 114 times from startup_rvmdk.o(RESET)
 <LI><a href="#[1]">NmiSR</a> from startup_rvmdk.o(RESET) referenced from startup_rvmdk.o(RESET)
 <LI><a href="#[6]">Reset_Handler</a> from startup_rvmdk.o(RESET) referenced from startup_rvmdk.o(RESET)
 <LI><a href="#[5]">fputc</a> from uart_helper.o(i.fputc) referenced from printfb.o(i.__0printf$bare)
 <LI><a href="#[4]">main</a> from project.o(i.main) referenced from entry9a.o(.ARM.Collect$$$$0000000B)
</UL>
<P>
<H3>
Global Symbols
</H3>
<P><STRONG><a name="[6]"></a>Reset_Handler</STRONG> (Thumb, 0 bytes, Stack size unknown bytes, startup_rvmdk.o(RESET))
<BR><BR>[Calls]<UL><LI><a href="#[7]">&gt;&gt;</a>&nbsp;&nbsp;&nbsp;__main
</UL>

<P><STRONG><a name="[7]"></a>__main</STRONG> (Thumb, 0 bytes, Stack size unknown bytes, entry.o(.ARM.Collect$$$$00000000))
<BR><BR>[Called By]<UL><LI><a href="#[6]">&gt;&gt;</a>&nbsp;&nbsp;&nbsp;Reset_Handler
</UL>

<P><STRONG><a name="[26]"></a>_main_stk</STRONG> (Thumb, 0 bytes, Stack size unknown bytes, entry2.o(.ARM.Collect$$$$00000001))

<P><STRONG><a name="[8]"></a>_main_scatterload</STRONG> (Thumb, 0 bytes, Stack size unknown bytes, entry5.o(.ARM.Collect$$$$00000004))
<BR><BR>[Calls]<UL><LI><a href="#[9]">&gt;&gt;</a>&nbsp;&nbsp;&nbsp;__scatterload
</UL>

<P><STRONG><a name="[b]"></a>__main_after_scatterload</STRONG> (Thumb, 0 bytes, Stack size unknown bytes, entry5.o(.ARM.Collect$$$$00000004))
<BR><BR>[Called By]<UL><LI><a href="#[9]">&gt;&gt;</a>&nbsp;&nbsp;&nbsp;__scatterload
</UL>

<P><STRONG><a name="[27]"></a>_main_clock</STRONG> (Thumb, 0 bytes, Stack size unknown bytes, entry7b.o(.ARM.Collect$$$$00000008))

<P><STRONG><a name="[28]"></a>_main_cpp_init</STRONG> (Thumb, 0 bytes, Stack size unknown bytes, entry8b.o(.ARM.Collect$$$$0000000A))

<P><STRONG><a name="[29]"></a>_main_init</STRONG> (Thumb, 0 bytes, Stack size unknown bytes, entry9a.o(.ARM.Collect$$$$0000000B))

<P><STRONG><a name="[2a]"></a>__rt_final_cpp</STRONG> (Thumb, 0 bytes, Stack size unknown bytes, entry10a.o(.ARM.Collect$$$$0000000D))

<P><STRONG><a name="[2b]"></a>__rt_final_exit</STRONG> (Thumb, 0 bytes, Stack size unknown bytes, entry11a.o(.ARM.Collect$$$$0000000F))

<P><STRONG><a name="[a]"></a>SysCtlDelay</STRONG> (Thumb, 6 bytes, Stack size 0 bytes, sysctl.o(.emb_text))
<BR><BR>[Calls]<UL><LI><a href="#[a]">&gt;&gt;</a>&nbsp;&nbsp;&nbsp;SysCtlDelay
</UL>
<BR>[Called By]<UL><LI><a href="#[a]">&gt;&gt;</a>&nbsp;&nbsp;&nbsp;SysCtlDelay
<LI><a href="#[d]">&gt;&gt;</a>&nbsp;&nbsp;&nbsp;SysCtlClockSet
<LI><a href="#[1a]">&gt;&gt;</a>&nbsp;&nbsp;&nbsp;delayMS
</UL>

<P><STRONG><a name="[9]"></a>__scatterload</STRONG> (Thumb, 28 bytes, Stack size 0 bytes, init.o(.text))
<BR><BR>[Calls]<UL><LI><a href="#[b]">&gt;&gt;</a>&nbsp;&nbsp;&nbsp;__main_after_scatterload
</UL>
<BR>[Called By]<UL><LI><a href="#[8]">&gt;&gt;</a>&nbsp;&nbsp;&nbsp;_main_scatterload
</UL>

<P><STRONG><a name="[2c]"></a>__scatterload_rt2</STRONG> (Thumb, 0 bytes, Stack size 0 bytes, init.o(.text), UNUSED)

<P><STRONG><a name="[c]"></a>ClockSetup</STRONG> (Thumb, 22 bytes, Stack size 8 bytes, systic.o(i.ClockSetup))
<BR><BR>[Stack]<UL><LI>Max Depth = 16<LI>Call Chain = ClockSetup &rArr; SysCtlClockSet
</UL>
<BR>[Calls]<UL><LI><a href="#[f]">&gt;&gt;</a>&nbsp;&nbsp;&nbsp;SysTickPeriodSet
<LI><a href="#[e]">&gt;&gt;</a>&nbsp;&nbsp;&nbsp;SysTickEnable
<LI><a href="#[d]">&gt;&gt;</a>&nbsp;&nbsp;&nbsp;SysCtlClockSet
</UL>
<BR>[Called By]<UL><LI><a href="#[1b]">&gt;&gt;</a>&nbsp;&nbsp;&nbsp;SetupHardware
</UL>

<P><STRONG><a name="[12]"></a>GPIODirModeSet</STRONG> (Thumb, 40 bytes, Stack size 0 bytes, gpio.o(i.GPIODirModeSet))
<BR><BR>[Called By]<UL><LI><a href="#[10]">&gt;&gt;</a>&nbsp;&nbsp;&nbsp;GPIOPinTypeGPIOOutput
<LI><a href="#[13]">&gt;&gt;</a>&nbsp;&nbsp;&nbsp;GPIOPinTypeUART
</UL>

<P><STRONG><a name="[11]"></a>GPIOPadConfigSet</STRONG> (Thumb, 312 bytes, Stack size 24 bytes, gpio.o(i.GPIOPadConfigSet))
<BR><BR>[Stack]<UL><LI>Max Depth = 24<LI>Call Chain = GPIOPadConfigSet
</UL>
<BR>[Called By]<UL><LI><a href="#[10]">&gt;&gt;</a>&nbsp;&nbsp;&nbsp;GPIOPinTypeGPIOOutput
<LI><a href="#[13]">&gt;&gt;</a>&nbsp;&nbsp;&nbsp;GPIOPinTypeUART
</UL>

<P><STRONG><a name="[1f]"></a>GPIOPinConfigure</STRONG> (Thumb, 60 bytes, Stack size 0 bytes, gpio.o(i.GPIOPinConfigure))
<BR><BR>[Called By]<UL><LI><a href="#[1c]">&gt;&gt;</a>&nbsp;&nbsp;&nbsp;UartSetup
</UL>

<P><STRONG><a name="[10]"></a>GPIOPinTypeGPIOOutput</STRONG> (Thumb, 28 bytes, Stack size 12 bytes, gpio.o(i.GPIOPinTypeGPIOOutput))
<BR><BR>[Stack]<UL><LI>Max Depth = 36<LI>Call Chain = GPIOPinTypeGPIOOutput &rArr; GPIOPadConfigSet
</UL>
<BR>[Calls]<UL><LI><a href="#[11]">&gt;&gt;</a>&nbsp;&nbsp;&nbsp;GPIOPadConfigSet
<LI><a href="#[12]">&gt;&gt;</a>&nbsp;&nbsp;&nbsp;GPIODirModeSet
</UL>
<BR>[Called By]<UL><LI><a href="#[14]">&gt;&gt;</a>&nbsp;&nbsp;&nbsp;GPIO_Setup
</UL>

<P><STRONG><a name="[13]"></a>GPIOPinTypeUART</STRONG> (Thumb, 28 bytes, Stack size 12 bytes, gpio.o(i.GPIOPinTypeUART))
<BR><BR>[Stack]<UL><LI>Max Depth = 36<LI>Call Chain = GPIOPinTypeUART &rArr; GPIOPadConfigSet
</UL>
<BR>[Calls]<UL><LI><a href="#[11]">&gt;&gt;</a>&nbsp;&nbsp;&nbsp;GPIOPadConfigSet
<LI><a href="#[12]">&gt;&gt;</a>&nbsp;&nbsp;&nbsp;GPIODirModeSet
</UL>
<BR>[Called By]<UL><LI><a href="#[1c]">&gt;&gt;</a>&nbsp;&nbsp;&nbsp;UartSetup
</UL>

<P><STRONG><a name="[19]"></a>GPIOPinWrite</STRONG> (Thumb, 6 bytes, Stack size 0 bytes, gpio.o(i.GPIOPinWrite))
<BR><BR>[Called By]<UL><LI><a href="#[16]">&gt;&gt;</a>&nbsp;&nbsp;&nbsp;SelectionMenu
</UL>

<P><STRONG><a name="[14]"></a>GPIO_Setup</STRONG> (Thumb, 38 bytes, Stack size 8 bytes, gpio_init.o(i.GPIO_Setup))
<BR><BR>[Stack]<UL><LI>Max Depth = 44<LI>Call Chain = GPIO_Setup &rArr; GPIOPinTypeGPIOOutput &rArr; GPIOPadConfigSet
</UL>
<BR>[Calls]<UL><LI><a href="#[10]">&gt;&gt;</a>&nbsp;&nbsp;&nbsp;GPIOPinTypeGPIOOutput
<LI><a href="#[15]">&gt;&gt;</a>&nbsp;&nbsp;&nbsp;SysCtlPeripheralEnable
</UL>
<BR>[Called By]<UL><LI><a href="#[1b]">&gt;&gt;</a>&nbsp;&nbsp;&nbsp;SetupHardware
</UL>

<P><STRONG><a name="[16]"></a>SelectionMenu</STRONG> (Thumb, 196 bytes, Stack size 24 bytes, project.o(i.SelectionMenu))
<BR><BR>[Stack]<UL><LI>Max Depth = 44<LI>Call Chain = SelectionMenu &rArr; delayMS &rArr; SysCtlClockGet
</UL>
<BR>[Calls]<UL><LI><a href="#[1a]">&gt;&gt;</a>&nbsp;&nbsp;&nbsp;delayMS
<LI><a href="#[19]">&gt;&gt;</a>&nbsp;&nbsp;&nbsp;GPIOPinWrite
<LI><a href="#[17]">&gt;&gt;</a>&nbsp;&nbsp;&nbsp;__2printf
<LI><a href="#[18]">&gt;&gt;</a>&nbsp;&nbsp;&nbsp;getc
</UL>
<BR>[Called By]<UL><LI><a href="#[4]">&gt;&gt;</a>&nbsp;&nbsp;&nbsp;main
</UL>

<P><STRONG><a name="[1b]"></a>SetupHardware</STRONG> (Thumb, 18 bytes, Stack size 8 bytes, project.o(i.SetupHardware))
<BR><BR>[Stack]<UL><LI>Max Depth = 52<LI>Call Chain = SetupHardware &rArr; UartSetup &rArr; GPIOPinTypeUART &rArr; GPIOPadConfigSet
</UL>
<BR>[Calls]<UL><LI><a href="#[1c]">&gt;&gt;</a>&nbsp;&nbsp;&nbsp;UartSetup
<LI><a href="#[14]">&gt;&gt;</a>&nbsp;&nbsp;&nbsp;GPIO_Setup
<LI><a href="#[c]">&gt;&gt;</a>&nbsp;&nbsp;&nbsp;ClockSetup
</UL>
<BR>[Called By]<UL><LI><a href="#[4]">&gt;&gt;</a>&nbsp;&nbsp;&nbsp;main
</UL>

<P><STRONG><a name="[20]"></a>SysCtlClockGet</STRONG> (Thumb, 304 bytes, Stack size 12 bytes, sysctl.o(i.SysCtlClockGet))
<BR><BR>[Stack]<UL><LI>Max Depth = 12<LI>Call Chain = SysCtlClockGet
</UL>
<BR>[Called By]<UL><LI><a href="#[1a]">&gt;&gt;</a>&nbsp;&nbsp;&nbsp;delayMS
<LI><a href="#[1c]">&gt;&gt;</a>&nbsp;&nbsp;&nbsp;UartSetup
</UL>

<P><STRONG><a name="[d]"></a>SysCtlClockSet</STRONG> (Thumb, 270 bytes, Stack size 8 bytes, sysctl.o(i.SysCtlClockSet))
<BR><BR>[Stack]<UL><LI>Max Depth = 8<LI>Call Chain = SysCtlClockSet
</UL>
<BR>[Calls]<UL><LI><a href="#[a]">&gt;&gt;</a>&nbsp;&nbsp;&nbsp;SysCtlDelay
</UL>
<BR>[Called By]<UL><LI><a href="#[1c]">&gt;&gt;</a>&nbsp;&nbsp;&nbsp;UartSetup
<LI><a href="#[c]">&gt;&gt;</a>&nbsp;&nbsp;&nbsp;ClockSetup
</UL>

<P><STRONG><a name="[15]"></a>SysCtlPeripheralEnable</STRONG> (Thumb, 36 bytes, Stack size 0 bytes, sysctl.o(i.SysCtlPeripheralEnable))
<BR><BR>[Called By]<UL><LI><a href="#[1c]">&gt;&gt;</a>&nbsp;&nbsp;&nbsp;UartSetup
<LI><a href="#[14]">&gt;&gt;</a>&nbsp;&nbsp;&nbsp;GPIO_Setup
</UL>

<P><STRONG><a name="[1e]"></a>SysCtlPeripheralReady</STRONG> (Thumb, 40 bytes, Stack size 0 bytes, sysctl.o(i.SysCtlPeripheralReady))
<BR><BR>[Called By]<UL><LI><a href="#[1c]">&gt;&gt;</a>&nbsp;&nbsp;&nbsp;UartSetup
</UL>

<P><STRONG><a name="[e]"></a>SysTickEnable</STRONG> (Thumb, 14 bytes, Stack size 0 bytes, systick.o(i.SysTickEnable))
<BR><BR>[Called By]<UL><LI><a href="#[c]">&gt;&gt;</a>&nbsp;&nbsp;&nbsp;ClockSetup
</UL>

<P><STRONG><a name="[f]"></a>SysTickPeriodSet</STRONG> (Thumb, 10 bytes, Stack size 0 bytes, systick.o(i.SysTickPeriodSet))
<BR><BR>[Called By]<UL><LI><a href="#[c]">&gt;&gt;</a>&nbsp;&nbsp;&nbsp;ClockSetup
</UL>

<P><STRONG><a name="[1d]"></a>UARTConfigSetExpClk</STRONG> (Thumb, 110 bytes, Stack size 0 bytes, uart.o(i.UARTConfigSetExpClk))
<BR><BR>[Calls]<UL><LI><a href="#[1d]">&gt;&gt;</a>&nbsp;&nbsp;&nbsp;UARTConfigSetExpClk
</UL>
<BR>[Called By]<UL><LI><a href="#[1d]">&gt;&gt;</a>&nbsp;&nbsp;&nbsp;UARTConfigSetExpClk
<LI><a href="#[1c]">&gt;&gt;</a>&nbsp;&nbsp;&nbsp;UartSetup
</UL>

<P><STRONG><a name="[24]"></a>UART_InChar</STRONG> (Thumb, 14 bytes, Stack size 0 bytes, uart_helper.o(i.UART_InChar))
<BR><BR>[Called By]<UL><LI><a href="#[23]">&gt;&gt;</a>&nbsp;&nbsp;&nbsp;fgetc
</UL>

<P><STRONG><a name="[25]"></a>UART_OutChar</STRONG> (Thumb, 12 bytes, Stack size 0 bytes, uart_helper.o(i.UART_OutChar))
<BR><BR>[Called By]<UL><LI><a href="#[5]">&gt;&gt;</a>&nbsp;&nbsp;&nbsp;fputc
</UL>

<P><STRONG><a name="[1c]"></a>UartSetup</STRONG> (Thumb, 88 bytes, Stack size 8 bytes, uart_helper.o(i.UartSetup))
<BR><BR>[Stack]<UL><LI>Max Depth = 44<LI>Call Chain = UartSetup &rArr; GPIOPinTypeUART &rArr; GPIOPadConfigSet
</UL>
<BR>[Calls]<UL><LI><a href="#[1d]">&gt;&gt;</a>&nbsp;&nbsp;&nbsp;UARTConfigSetExpClk
<LI><a href="#[1e]">&gt;&gt;</a>&nbsp;&nbsp;&nbsp;SysCtlPeripheralReady
<LI><a href="#[15]">&gt;&gt;</a>&nbsp;&nbsp;&nbsp;SysCtlPeripheralEnable
<LI><a href="#[13]">&gt;&gt;</a>&nbsp;&nbsp;&nbsp;GPIOPinTypeUART
<LI><a href="#[1f]">&gt;&gt;</a>&nbsp;&nbsp;&nbsp;GPIOPinConfigure
<LI><a href="#[d]">&gt;&gt;</a>&nbsp;&nbsp;&nbsp;SysCtlClockSet
<LI><a href="#[20]">&gt;&gt;</a>&nbsp;&nbsp;&nbsp;SysCtlClockGet
</UL>
<BR>[Called By]<UL><LI><a href="#[1b]">&gt;&gt;</a>&nbsp;&nbsp;&nbsp;SetupHardware
</UL>

<P><STRONG><a name="[21]"></a>__0printf$bare</STRONG> (Thumb, 8 bytes, Stack size 0 bytes, printfb.o(i.__0printf$bare), UNUSED)
<BR><BR>[Calls]<UL><LI><a href="#[22]">&gt;&gt;</a>&nbsp;&nbsp;&nbsp;_printf_core
</UL>

<P><STRONG><a name="[2d]"></a>__1printf$bare</STRONG> (Thumb, 0 bytes, Stack size 0 bytes, printfb.o(i.__0printf$bare), UNUSED)

<P><STRONG><a name="[17]"></a>__2printf</STRONG> (Thumb, 0 bytes, Stack size 0 bytes, printfb.o(i.__0printf$bare))
<BR><BR>[Called By]<UL><LI><a href="#[4]">&gt;&gt;</a>&nbsp;&nbsp;&nbsp;main
<LI><a href="#[16]">&gt;&gt;</a>&nbsp;&nbsp;&nbsp;SelectionMenu
</UL>

<P><STRONG><a name="[2e]"></a>__scatterload_copy</STRONG> (Thumb, 14 bytes, Stack size unknown bytes, handlers.o(i.__scatterload_copy), UNUSED)

<P><STRONG><a name="[2f]"></a>__scatterload_null</STRONG> (Thumb, 2 bytes, Stack size unknown bytes, handlers.o(i.__scatterload_null), UNUSED)

<P><STRONG><a name="[30]"></a>__scatterload_zeroinit</STRONG> (Thumb, 14 bytes, Stack size unknown bytes, handlers.o(i.__scatterload_zeroinit), UNUSED)

<P><STRONG><a name="[1a]"></a>delayMS</STRONG> (Thumb, 26 bytes, Stack size 8 bytes, systic.o(i.delayMS))
<BR><BR>[Stack]<UL><LI>Max Depth = 20<LI>Call Chain = delayMS &rArr; SysCtlClockGet
</UL>
<BR>[Calls]<UL><LI><a href="#[a]">&gt;&gt;</a>&nbsp;&nbsp;&nbsp;SysCtlDelay
<LI><a href="#[20]">&gt;&gt;</a>&nbsp;&nbsp;&nbsp;SysCtlClockGet
</UL>
<BR>[Called By]<UL><LI><a href="#[16]">&gt;&gt;</a>&nbsp;&nbsp;&nbsp;SelectionMenu
</UL>

<P><STRONG><a name="[23]"></a>fgetc</STRONG> (Thumb, 4 bytes, Stack size 0 bytes, uart_helper.o(i.fgetc))
<BR><BR>[Calls]<UL><LI><a href="#[24]">&gt;&gt;</a>&nbsp;&nbsp;&nbsp;UART_InChar
</UL>
<BR>[Called By]<UL><LI><a href="#[18]">&gt;&gt;</a>&nbsp;&nbsp;&nbsp;getc
</UL>

<P><STRONG><a name="[5]"></a>fputc</STRONG> (Thumb, 34 bytes, Stack size 4 bytes, uart_helper.o(i.fputc))
<BR><BR>[Stack]<UL><LI>Max Depth = 4<LI>Call Chain = fputc
</UL>
<BR>[Calls]<UL><LI><a href="#[25]">&gt;&gt;</a>&nbsp;&nbsp;&nbsp;UART_OutChar
</UL>
<BR>[Address Reference Count : 1]<UL><LI> printfb.o(i.__0printf$bare)
</UL>
<P><STRONG><a name="[18]"></a>getc</STRONG> (Thumb, 4 bytes, Stack size 0 bytes, getc.o(i.getc))
<BR><BR>[Calls]<UL><LI><a href="#[23]">&gt;&gt;</a>&nbsp;&nbsp;&nbsp;fgetc
</UL>
<BR>[Called By]<UL><LI><a href="#[4]">&gt;&gt;</a>&nbsp;&nbsp;&nbsp;main
<LI><a href="#[16]">&gt;&gt;</a>&nbsp;&nbsp;&nbsp;SelectionMenu
</UL>

<P><STRONG><a name="[4]"></a>main</STRONG> (Thumb, 32 bytes, Stack size 8 bytes, project.o(i.main))
<BR><BR>[Stack]<UL><LI>Max Depth = 60<LI>Call Chain = main &rArr; SetupHardware &rArr; UartSetup &rArr; GPIOPinTypeUART &rArr; GPIOPadConfigSet
</UL>
<BR>[Calls]<UL><LI><a href="#[1b]">&gt;&gt;</a>&nbsp;&nbsp;&nbsp;SetupHardware
<LI><a href="#[16]">&gt;&gt;</a>&nbsp;&nbsp;&nbsp;SelectionMenu
<LI><a href="#[17]">&gt;&gt;</a>&nbsp;&nbsp;&nbsp;__2printf
<LI><a href="#[18]">&gt;&gt;</a>&nbsp;&nbsp;&nbsp;getc
</UL>
<BR>[Address Reference Count : 1]<UL><LI> entry9a.o(.ARM.Collect$$$$0000000B)
</UL><P>
<H3>
Local Symbols
</H3>
<P><STRONG><a name="[1]"></a>NmiSR</STRONG> (Thumb, 0 bytes, Stack size unknown bytes, startup_rvmdk.o(RESET))
<BR><BR>[Calls]<UL><LI><a href="#[1]">&gt;&gt;</a>&nbsp;&nbsp;&nbsp;NmiSR
</UL>
<BR>[Called By]<UL><LI><a href="#[1]">&gt;&gt;</a>&nbsp;&nbsp;&nbsp;NmiSR
</UL>
<BR>[Address Reference Count : 1]<UL><LI> startup_rvmdk.o(RESET)
</UL>
<P><STRONG><a name="[2]"></a>FaultISR</STRONG> (Thumb, 0 bytes, Stack size unknown bytes, startup_rvmdk.o(RESET))
<BR><BR>[Calls]<UL><LI><a href="#[2]">&gt;&gt;</a>&nbsp;&nbsp;&nbsp;FaultISR
</UL>
<BR>[Called By]<UL><LI><a href="#[2]">&gt;&gt;</a>&nbsp;&nbsp;&nbsp;FaultISR
</UL>
<BR>[Address Reference Count : 1]<UL><LI> startup_rvmdk.o(RESET)
</UL>
<P><STRONG><a name="[3]"></a>IntDefaultHandler</STRONG> (Thumb, 0 bytes, Stack size unknown bytes, startup_rvmdk.o(RESET))
<BR><BR>[Calls]<UL><LI><a href="#[3]">&gt;&gt;</a>&nbsp;&nbsp;&nbsp;IntDefaultHandler
</UL>
<BR>[Called By]<UL><LI><a href="#[3]">&gt;&gt;</a>&nbsp;&nbsp;&nbsp;IntDefaultHandler
</UL>
<BR>[Address Reference Count : 1]<UL><LI> startup_rvmdk.o(RESET)
</UL>
<P><STRONG><a name="[22]"></a>_printf_core</STRONG> (Thumb, 34 bytes, Stack size 24 bytes, printfb.o(i._printf_core), UNUSED)
<BR><BR>[Called By]<UL><LI><a href="#[21]">&gt;&gt;</a>&nbsp;&nbsp;&nbsp;__0printf$bare
</UL>
<P>
<H3>
Undefined Global Symbols
</H3><HR></body></html>
